// Jest Snapshot v1, https://goo.gl/fbAQLP

exports[`should render header component 1`] = `
<Header>
  <header
    className="header"
  >
    <span>
      Finances
    </span>
  </header>
</Header>
`;
